[INFO] Scanning for projects...
[INFO] 
[INFO] -------------------------< com.lhy:aicontent >--------------------------
[INFO] Building aicontent 1.0-SNAPSHOT
[INFO] --------------------------------[ jar ]---------------------------------
[INFO] 
[INFO] >>> spring-boot-maven-plugin:2.7.18:run (default-cli) > test-compile @ aicontent >>>
[INFO] 
[INFO] --- maven-resources-plugin:3.2.0:resources (default-resources) @ aicontent ---
[INFO] Using 'UTF-8' encoding to copy filtered resources.
[INFO] Using 'UTF-8' encoding to copy filtered properties files.
[INFO] Copying 1 resource
[INFO] Copying 2 resources
[INFO] 
[INFO] --- maven-compiler-plugin:3.10.1:compile (default-compile) @ aicontent ---
[INFO] Changes detected - recompiling the module!
[INFO] Compiling 58 source files to f:\lhy\lhy-gzh\aicontent\target\classes
[INFO] /f:/lhy/lhy-gzh/aicontent/src/main/java/com/lhy/service/MpMediaService.java: f:\lhy\lhy-gzh\aicontent\src\main\java\com\lhy\service\MpMediaService.java使用或覆盖了已过时的 API。
[INFO] /f:/lhy/lhy-gzh/aicontent/src/main/java/com/lhy/service/MpMediaService.java: 有关详细信息, 请使用 -Xlint:deprecation 重新编译。
[INFO] /f:/lhy/lhy-gzh/aicontent/src/main/java/com/lhy/service/OAuthService.java: f:\lhy\lhy-gzh\aicontent\src\main\java\com\lhy\service\OAuthService.java使用了未经检查或不安全的操作。
[INFO] /f:/lhy/lhy-gzh/aicontent/src/main/java/com/lhy/service/OAuthService.java: 有关详细信息, 请使用 -Xlint:unchecked 重新编译。
[INFO] 
[INFO] --- maven-resources-plugin:3.2.0:testResources (default-testResources) @ aicontent ---
[INFO] Using 'UTF-8' encoding to copy filtered resources.
[INFO] Using 'UTF-8' encoding to copy filtered properties files.
[INFO] skip non existing resourceDirectory f:\lhy\lhy-gzh\aicontent\src\test\resources
[INFO] 
[INFO] --- maven-compiler-plugin:3.10.1:testCompile (default-testCompile) @ aicontent ---
[INFO] Changes detected - recompiling the module!
[INFO] 
[INFO] <<< spring-boot-maven-plugin:2.7.18:run (default-cli) < test-compile @ aicontent <<<
[INFO] 
[INFO] 
[INFO] --- spring-boot-maven-plugin:2.7.18:run (default-cli) @ aicontent ---
[INFO] Attaching agents: []

  .   ____          _            __ _ _
 /\\ / ___'_ __ _ _(_)_ __  __ _ \ \ \ \
( ( )\___ | '_ | '_| | '_ \/ _` | \ \ \ \
 \\/  ___)| |_)| | | | | || (_| |  ) ) ) )
  '  |____| .__|_| |_|_| |_\__, | / / / /
 =========|_|==============|___/=/_/_/_/
 :: Spring Boot ::               (v2.7.18)

2026-07-15 00:05:57.745  INFO 97040 --- [           main] com.lhy.AiContentApplication             : Starting AiContentApplication using Java 21.0.9 on DESKTOP-MDGEKP7 with PID 97040 (F:\lhy\lhy-gzh\aicontent\target\classes started by Administrator in f:\lhy\lhy-gzh\aicontent)
2026-07-15 00:05:57.747  INFO 97040 --- [           main] com.lhy.AiContentApplication             : No active profile set, falling back to 1 default profile: "default"
2026-07-15 00:05:58.833  INFO 97040 --- [           main] o.s.b.w.embedded.tomcat.TomcatWebServer  : Tomcat initialized with port(s): 8080 (http)
2026-07-15 00:05:58.845  INFO 97040 --- [           main] o.apache.catalina.core.StandardService   : Starting service [Tomcat]
2026-07-15 00:05:58.845  INFO 97040 --- [           main] org.apache.catalina.core.StandardEngine  : Starting Servlet engine: [Apache Tomcat/9.0.83]
2026-07-15 00:05:58.936  INFO 97040 --- [           main] o.a.c.c.C.[Tomcat].[localhost].[/]       : Initializing Spring embedded WebApplicationContext
2026-07-15 00:05:58.936  INFO 97040 --- [           main] w.s.c.ServletWebServerApplicationContext : Root WebApplicationContext: initialization completed in 1152 ms
Logging initialized using 'class org.apache.ibatis.logging.stdout.StdOutImpl' adapter.
Property 'mapperLocations' was not specified.
 _ _   |_  _ _|_. ___ _ |    _ 
| | |\/|_)(_| | |_\  |_)||_|_\ 
     /               |         
                        3.5.3 
2026-07-15 00:05:59.968  INFO 97040 --- [           main] o.s.b.w.embedded.tomcat.TomcatWebServer  : Tomcat started on port(s): 8080 (http) with context path ''
2026-07-15 00:06:00.296  INFO 97040 --- [           main] com.lhy.AiContentApplication             : Started AiContentApplication in 2.88 seconds (JVM running for 3.167)
2026-07-15 00:06:00.298  INFO 97040 --- [           main] com.zaxxer.hikari.HikariDataSource       : HikariPool-1 - Starting...
Creating a new SqlSession
SqlSession [org.apache.ibatis.session.defaults.DefaultSqlSession@5ed40e84] was not registered for synchronization because synchronization is not active
2026-07-15 00:06:00.324  WARN 97040 --- [   scheduling-1] c.b.m.c.t.support.ReflectLambdaMeta      : Unable to make field private final java.lang.Class java.lang.invoke.SerializedLambda.capturingClass accessible: module java.base does not "opens java.lang.invoke" to unnamed module @37374a5e
2026-07-15 00:06:00.626  INFO 97040 --- [           main] com.zaxxer.hikari.HikariDataSource       : HikariPool-1 - Start completed.
JDBC Connection [HikariProxyConnection@569631945 wrapping com.mysql.cj.jdbc.ConnectionImpl@44321fa1] will not be managed by Spring
==>  Preparing: SELECT id,user_id,account_id,task_type,title,content,author,digest,thumb_media_id,tag_id,schedule_time,status,wechat_media_id,wechat_msg_id,error_msg,created_at,updated_at FROM mp_task WHERE (status = ? AND (schedule_time IS NULL OR schedule_time <= ?))
==> Parameters: pending(String), 2026-07-15T00:06:00.300040400(LocalDateTime)
?? SchemaInit 跳过: Duplicate column name 'user_id'
<==      Total: 0
Closing non transactional SqlSession [org.apache.ibatis.session.defaults.DefaultSqlSession@5ed40e84]
?? SchemaInit 跳过: Duplicate column name 'title'
?? SchemaInit 跳过: Duplicate column name 'subscription_expire_at'
? SchemaInit 结构补齐完成
2026-07-15 00:06:00.838  INFO 97040 --- [           main] com.lhy.migration.SchemaMigration        : 宸插悓姝ュ垪娉ㄩ噴 generation_history.id
2026-07-15 00:06:00.847  INFO 97040 --- [           main] com.lhy.migration.SchemaMigration        : 宸插悓姝ュ垪娉ㄩ噴 generation_history.user_id
2026-07-15 00:06:00.855  INFO 97040 --- [           main] com.lhy.migration.SchemaMigration        : 宸插悓姝ュ垪娉ㄩ噴 generation_history.template_id
2026-07-15 00:06:00.862  INFO 97040 --- [           main] com.lhy.migration.SchemaMigration        : 宸插悓姝ュ垪娉ㄩ噴 generation_history.input_params
2026-07-15 00:06:00.871  INFO 97040 --- [           main] com.lhy.migration.SchemaMigration        : 宸插悓姝ュ垪娉ㄩ噴 generation_history.result_content
2026-07-15 00:06:00.877  INFO 97040 --- [           main] com.lhy.migration.SchemaMigration        : 宸插悓姝ュ垪娉ㄩ噴 generation_history.model_used
2026-07-15 00:06:00.884  INFO 97040 --- [           main] com.lhy.migration.SchemaMigration        : 宸插悓姝ュ垪娉ㄩ噴 generation_history.tokens_used
2026-07-15 00:06:00.890  INFO 97040 --- [           main] com.lhy.migration.SchemaMigration        : 宸插悓姝ュ垪娉ㄩ噴 generation_history.created_at
2026-07-15 00:06:00.890  INFO 97040 --- [           main] com.lhy.migration.SchemaMigration        : SchemaMigration 鎵ц瀹屾垚
Creating a new SqlSession
SqlSession [org.apache.ibatis.session.defaults.DefaultSqlSession@2238f288] was not registered for synchronization because synchronization is not active
JDBC Connection [HikariProxyConnection@402323784 wrapping com.mysql.cj.jdbc.ConnectionImpl@44321fa1] will not be managed by Spring
==>  Preparing: SELECT id,user_id,account_id,task_type,title,content,author,digest,thumb_media_id,tag_id,schedule_time,status,wechat_media_id,wechat_msg_id,error_msg,created_at,updated_at FROM mp_task WHERE (status = ? AND (schedule_time IS NULL OR schedule_time <= ?))
==> Parameters: pending(String), 2026-07-15T00:06:30.694956300(LocalDateTime)
<==      Total: 0
Closing non transactional SqlSession [org.apache.ibatis.session.defaults.DefaultSqlSession@2238f288]
Creating a new SqlSession
SqlSession [org.apache.ibatis.session.defaults.DefaultSqlSession@6739830a] was not registered for synchronization because synchronization is not active
JDBC Connection [HikariProxyConnection@40927703 wrapping com.mysql.cj.jdbc.ConnectionImpl@44321fa1] will not be managed by Spring
==>  Preparing: SELECT id,user_id,account_id,task_type,title,content,author,digest,thumb_media_id,tag_id,schedule_time,status,wechat_media_id,wechat_msg_id,error_msg,created_at,updated_at FROM mp_task WHERE (status = ? AND (schedule_time IS NULL OR schedule_time <= ?))
==> Parameters: pending(String), 2026-07-15T00:07:00.709933900(LocalDateTime)
<==      Total: 0
Closing non transactional SqlSession [org.apache.ibatis.session.defaults.DefaultSqlSession@6739830a]
Creating a new SqlSession
SqlSession [org.apache.ibatis.session.defaults.DefaultSqlSession@282c42f8] was not registered for synchronization because synchronization is not active
JDBC Connection [HikariProxyConnection@52868388 wrapping com.mysql.cj.jdbc.ConnectionImpl@44321fa1] will not be managed by Spring
==>  Preparing: SELECT id,user_id,account_id,task_type,title,content,author,digest,thumb_media_id,tag_id,schedule_time,status,wechat_media_id,wechat_msg_id,error_msg,created_at,updated_at FROM mp_task WHERE (status = ? AND (schedule_time IS NULL OR schedule_time <= ?))
==> Parameters: pending(String), 2026-07-15T00:07:30.720092700(LocalDateTime)
<==      Total: 0
Closing non transactional SqlSession [org.apache.ibatis.session.defaults.DefaultSqlSession@282c42f8]
2026-07-15 00:07:59.619  INFO 97040 --- [nio-8080-exec-1] o.a.c.c.C.[Tomcat].[localhost].[/]       : Initializing Spring DispatcherServlet 'dispatcherServlet'
2026-07-15 00:07:59.623  INFO 97040 --- [nio-8080-exec-1] o.s.web.servlet.DispatcherServlet        : Initializing Servlet 'dispatcherServlet'
2026-07-15 00:07:59.642  INFO 97040 --- [nio-8080-exec-1] o.s.web.servlet.DispatcherServlet        : Completed initialization in 18 ms
Creating a new SqlSession
SqlSession [org.apache.ibatis.session.defaults.DefaultSqlSession@47dfe935] was not registered for synchronization because synchronization is not active
JDBC Connection [HikariProxyConnection@229525684 wrapping com.mysql.cj.jdbc.ConnectionImpl@44321fa1] will not be managed by Spring
==>  Preparing: SELECT id,user_id,account_id,task_type,title,content,author,digest,thumb_media_id,tag_id,schedule_time,status,wechat_media_id,wechat_msg_id,error_msg,created_at,updated_at FROM mp_task WHERE (status = ? AND (schedule_time IS NULL OR schedule_time <= ?))
==> Parameters: pending(String), 2026-07-15T00:08:00.735858900(LocalDateTime)
<==      Total: 0
Closing non transactional SqlSession [org.apache.ibatis.session.defaults.DefaultSqlSession@47dfe935]
Creating a new SqlSession
SqlSession [org.apache.ibatis.session.defaults.DefaultSqlSession@492e9dfe] was not registered for synchronization because synchronization is not active
JDBC Connection [HikariProxyConnection@1904235439 wrapping com.mysql.cj.jdbc.ConnectionImpl@44321fa1] will not be managed by Spring
==>  Preparing: SELECT id,user_id,account_id,task_type,title,content,author,digest,thumb_media_id,tag_id,schedule_time,status,wechat_media_id,wechat_msg_id,error_msg,created_at,updated_at FROM mp_task WHERE (status = ? AND (schedule_time IS NULL OR schedule_time <= ?))
==> Parameters: pending(String), 2026-07-15T00:08:30.750637300(LocalDateTime)
<==      Total: 0
Closing non transactional SqlSession [org.apache.ibatis.session.defaults.DefaultSqlSession@492e9dfe]
Creating a new SqlSession
SqlSession [org.apache.ibatis.session.defaults.DefaultSqlSession@2b022a66] was not registered for synchronization because synchronization is not active
JDBC Connection [HikariProxyConnection@433531051 wrapping com.mysql.cj.jdbc.ConnectionImpl@7675a147] will not be managed by Spring
==>  Preparing: SELECT id,user_id,name,created_at FROM kb_library WHERE id=?
==> Parameters: 1(Long)
<==    Columns: id, user_id, name, created_at
<==        Row: 1, 2, 啊手动阀, 2026-07-14 22:58:21
<==      Total: 1
Closing non transactional SqlSession [org.apache.ibatis.session.defaults.DefaultSqlSession@2b022a66]
Creating a new SqlSession
SqlSession [org.apache.ibatis.session.defaults.DefaultSqlSession@f9f8662] was not registered for synchronization because synchronization is not active
JDBC Connection [HikariProxyConnection@853748482 wrapping com.mysql.cj.jdbc.ConnectionImpl@44321fa1] will not be managed by Spring
==>  Preparing: SELECT id,user_id,account_id,task_type,title,content,author,digest,thumb_media_id,tag_id,schedule_time,status,wechat_media_id,wechat_msg_id,error_msg,created_at,updated_at FROM mp_task WHERE (status = ? AND (schedule_time IS NULL OR schedule_time <= ?))
==> Parameters: pending(String), 2026-07-15T00:09:00.759370700(LocalDateTime)
<==      Total: 0
Closing non transactional SqlSession [org.apache.ibatis.session.defaults.DefaultSqlSession@f9f8662]
Creating a new SqlSession
SqlSession [org.apache.ibatis.session.defaults.DefaultSqlSession@6d43b76e] was not registered for synchronization because synchronization is not active
JDBC Connection [HikariProxyConnection@505188402 wrapping com.mysql.cj.jdbc.ConnectionImpl@44321fa1] will not be managed by Spring
==>  Preparing: SELECT id,user_id,account_id,task_type,title,content,author,digest,thumb_media_id,tag_id,schedule_time,status,wechat_media_id,wechat_msg_id,error_msg,created_at,updated_at FROM mp_task WHERE (status = ? AND (schedule_time IS NULL OR schedule_time <= ?))
==> Parameters: pending(String), 2026-07-15T00:09:30.779834200(LocalDateTime)
<==      Total: 0
Closing non transactional SqlSession [org.apache.ibatis.session.defaults.DefaultSqlSession@6d43b76e]
[INFO] ------------------------------------------------------------------------
[INFO] BUILD FAILURE
[INFO] ------------------------------------------------------------------------
[INFO] Total time:  03:43 min
[INFO] Finished at: 2026-07-15T00:09:35+08:00
[INFO] ------------------------------------------------------------------------
[ERROR] Failed to execute goal org.springframework.boot:spring-boot-maven-plugin:2.7.18:run (default-cli) on project aicontent: Application finished with exit code: 1 -> [Help 1]
[ERROR] 
[ERROR] To see the full stack trace of the errors, re-run Maven with the -e switch.
[ERROR] Re-run Maven using the -X switch to enable full debug logging.
[ERROR] 
[ERROR] For more information about the errors and possible solutions, please read the following articles:
[ERROR] [Help 1] http://cwiki.apache.org/confluence/display/MAVEN/MojoExecutionException
